
// Jest Snapshot v1, https://goo.gl/fbAQLP

exports[`Tabs component closes the first tab and opens any clicked tab 1`] = `
<div>
  <button
    key="0"
    onClick={[Function]}
  >
    First tab
  </button>
  <button
    key="1"
    onClick={[Function]}
  >
    Second tab
  </button>
  <button
    key="2"
    onClick={[Function]}
  >
    Third tab
  </button>
  <div
    className="content"
  >
    Ipsum Lorem in that
  </div>
</div>
`;

exports[`Tabs component renders empty given no tabs 1`] = `<div />`;

exports[`Tabs component renders the first tab by default 1`] = `
<div>
  <button
    key="0"
    onClick={[Function]}
  >
    First tab
  </button>
  <button
    key="1"
    onClick={[Function]}
  >
    Second tab
  </button>
  <button
    key="2"
    onClick={[Function]}
  >
    Third tab
  </button>
  <div
    className="content"
  >
    Lorem ipsum dor sit met
  </div>
</div>
`;
